Starting process: 

Configuration data saved


SCUBA, Version Diamond (64-bit) 3.9.0.99.2
Mon Jun 19 17:09:47 2017

Copyright (c) 1991-1994 by NeoCAD Inc. All rights reserved.
Copyright (c) 1995 AT&T Corp.   All rights reserved.
Copyright (c) 1995-2001 Lucent Technologies Inc.  All rights reserved.
Copyright (c) 2001 Agere Systems   All rights reserved.
Copyright (c) 2002-2017 Lattice Semiconductor Corporation,  All rights reserved.

BEGIN SCUBA Module Synthesis

    Issued command   : C:\Program Files\lscc\diamond\3.9_x64\ispfpga\bin\nt64\scuba.exe -w -n ECP5U_PLL_1 -lang vhdl -synth lse -bus_exp 7 -bb -arch sa5p00 -type pll -fin 16.00 -fclkop 16.00 -fclkop_tol 0.0 -fclkos 32.00 -fclkos_tol 0.0 -phases 0 -fclkos2 16.00 -fclkos2_tol 0.0 -phases2 0 -fclkos3 64.00 -fclkos3_tol 0.0 -phases3 0 -phase_cntl STATIC -rst -lock -fb_mode 1 
    Circuit name     : ECP5U_PLL_1
    Module type      : pll
    Module Version   : 5.7
    Ports            : 
	Inputs       : CLKI, RST
	Outputs      : CLKOP, CLKOS, CLKOS2, CLKOS3, LOCK
    I/O buffer       : not inserted
    EDIF output      : ECP5U_PLL_1.edn
    VHDL output      : ECP5U_PLL_1.vhd
    VHDL template    : ECP5U_PLL_1_tmpl.vhd
    VHDL purpose     : for synthesis and simulation
    Bus notation     : big endian
    Report output    : ECP5U_PLL_1.srp
    Estimated Resource Usage:

END   SCUBA Module Synthesis

File: ECP5U_PLL_1.lpc created.


End process: completed successfully.


Total Warnings:  0

Total Errors:  0


